../Core/Src/main.c:100:6:InsertAtBeginning	24	static
../Core/Src/main.c:114:6:InsertAtBeginningFast	16	static
../Core/Src/main.c:123:6:SetSamplingRate	24	static
../Core/Src/main.c:142:9:DigitalFilter	32	static
../Core/Src/main.c:171:6:ProcessInputUART	24	static
../Core/Src/main.c:203:5:main	64	static
../Core/Src/main.c:272:6:SystemClock_Config	88	static
../Core/Src/main.c:320:13:MX_ADC1_Init	24	static
../Core/Src/main.c:372:13:MX_DAC_Init	16	static
../Core/Src/main.c:412:13:MX_TIM2_Init	32	static
../Core/Src/main.c:457:13:MX_USART2_UART_Init	8	static
../Core/Src/main.c:488:13:MX_DMA_Init	16	static
../Core/Src/main.c:509:13:MX_GPIO_Init	48	static
../Core/Src/main.c:547:6:HAL_ADC_ConvCpltCallback	16	static
../Core/Src/main.c:554:6:HAL_UART_RxCpltCallback	16	static
../Core/Src/main.c:567:6:Error_Handler	4	static,ignoring_inline_asm
