../Core/Src/main.c:127:6:CB_Push	1
../Core/Src/main.c:133:7:CB_Read	2
../Core/Src/main.c:141:6:SetSamplingRate	2
../Core/Src/main.c:153:7:DigitalFilter	3
../Core/Src/main.c:178:6:ProcessInputUART	10
../Core/Src/main.c:235:7:Convert4BytesToFloat	1
../Core/Src/main.c:244:6:ConvertFloatTo4Bytes	1
../Core/Src/main.c:257:5:main	4
../Core/Src/main.c:340:6:SystemClock_Config	3
../Core/Src/main.c:388:13:MX_ADC1_Init	3
../Core/Src/main.c:440:13:MX_DAC_Init	3
../Core/Src/main.c:480:13:MX_TIM2_Init	4
../Core/Src/main.c:525:13:MX_USART2_UART_Init	2
../Core/Src/main.c:556:13:MX_DMA_Init	1
../Core/Src/main.c:577:13:MX_GPIO_Init	1
../Core/Src/main.c:614:6:HAL_ADC_ConvCpltCallback	2
../Core/Src/main.c:621:6:HAL_UART_RxCpltCallback	2
../Core/Src/main.c:635:6:Error_Handler	1
