../Core/Src/main.c:127:6:CB_Push	16	static
../Core/Src/main.c:133:7:CB_Read	24	static
../Core/Src/main.c:141:6:SetSamplingRate	24	static
../Core/Src/main.c:153:7:DigitalFilter	48	static
../Core/Src/main.c:178:6:ProcessInputUART	32	static
../Core/Src/main.c:235:7:Convert4BytesToFloat	24	static
../Core/Src/main.c:244:6:ConvertFloatTo4Bytes	16	static
../Core/Src/main.c:257:5:main	104	static
../Core/Src/main.c:340:6:SystemClock_Config	88	static
../Core/Src/main.c:388:13:MX_ADC1_Init	24	static
../Core/Src/main.c:440:13:MX_DAC_Init	16	static
../Core/Src/main.c:480:13:MX_TIM2_Init	32	static
../Core/Src/main.c:525:13:MX_USART2_UART_Init	8	static
../Core/Src/main.c:556:13:MX_DMA_Init	16	static
../Core/Src/main.c:577:13:MX_GPIO_Init	48	static
../Core/Src/main.c:614:6:HAL_ADC_ConvCpltCallback	16	static
../Core/Src/main.c:621:6:HAL_UART_RxCpltCallback	16	static
../Core/Src/main.c:635:6:Error_Handler	4	static,ignoring_inline_asm
